<html>
<body>
<pre>
<h1>µVision Build Log</h1>
<h2>Tool Versions:</h2>
IDE-Version: ¦ÌVision V5.32.0.0
Copyright (C) 2020 ARM Ltd and ARM Germany GmbH. All rights reserved.
License Information: Jerry Windows, HP Inc., LIC=UB4EV-PY5R5-LVE1I-T778E-3WTZG-ED275
 
Tool Versions:
Toolchain:       MDK-ARM Professional  Version: 5.32.0.0
Toolchain Path:  D:\Keil_v5\ARM\ARMCC\Bin
C Compiler:      Armcc.exe V5.06 update 7 (build 960)
Assembler:       Armasm.exe V5.06 update 7 (build 960)
Linker/Locator:  ArmLink.exe V5.06 update 7 (build 960)
Library Manager: ArmAr.exe V5.06 update 7 (build 960)
Hex Converter:   FromElf.exe V5.06 update 7 (build 960)
CPU DLL:         SARMCM3.DLL V5.32.0.0
Dialog DLL:      DARMSTM.DLL V1.68.0.0
Target DLL:      UL2CM3.DLL V1.163.9.0
Dialog DLL:      TARMSTM.DLL V1.66.0.0
 
<h2>Project:</h2>
D:\Embededexeircises\freertos\FreeRTOSv202107.00\FreeRTOS\Demo\CORTEX_STM32F103_Keil\RTOSDemo.uvproj
Project File Date:  10/28/2021

<h2>Output:</h2>
*** Using Compiler 'V5.06 update 7 (build 960)', folder: 'D:\Keil_v5\ARM\ARMCC\Bin'
Rebuild target 'Target 1'
assembling cortexm3_macro_rvds.s...
assembling STM32F10x.s...
compiling stm32f10x_lib.c...
compiling stm32f10x_nvic.c...
compiling stm32f10x_gpio.c...
compiling stm32f10x_usart.c...
compiling lcd.c...
compiling stm32f10x_rcc.c...
compiling stm32f10x_spi.c...
compiling stm32f10x_systick.c...
compiling stm32f10x_tim.c...
compiling ParTest.c...
compiling serial.c...
compiling timertest.c...
compiling main.c...
compiling spi_flash.c...
compiling semtest.c...
compiling comtest.c...
compiling BlockQ.c...
compiling blocktim.c...
compiling death.c...
compiling PollQ.c...
compiling integer.c...
compiling flash.c...
compiling list.c...
compiling tasks.c...
compiling queue.c...
compiling heap_2.c...
compiling port.c...
linking...
Program Size: Code=24750 RO-data=14530 RW-data=256 ZI-data=18152  
".\RTOSDemo.axf" - 0 Error(s), 0 Warning(s).
Build Time Elapsed:  00:00:02
</pre>
</body>
</html>
